// Vitest Snapshot v1, https://vitest.dev/guide/snapshot.html

exports[`server render 1`] = `"<div>value</div>"`;
